--- exit ---
0
--- stdout ---
#PT
[#PT 9 {:k #PT}]
#{#PT}
(#PT #PT)
Box<42>
Box<[1 2 3]>
Box<Box<#PT>>
"Box<[1 2 ...]>"
"Box<[1 #]>"
"[Box<[1 2 ...]> 7 ...]"
"Box<^{:k :v} [1]>"
"Box<{:a 1, :b 2, ...}>"
"Box<[1 2 3 4 5]>"
{:a 1, :b 2}
"{:a 1, ...}"
"{:a {:b 1}}"
Box<{:a 1}>
[Box<{:a 1}>]
Box<(2 3 4)>
Box<{:k (2 3)}>
"[{:a {:b 1}}]"
"{:a 1}"
--- stderr ---
